// Jest Snapshot v1, https://goo.gl/fbAQLP

exports[`renders correctly 1`] = `
<RCTSafeAreaView
  style={
    Object {
      "backgroundColor": "#fff",
      "flex": 1,
    }
  }
>
  <View
    style={
      Object {
        "flex": 1,
        "justifyContent": "center",
        "padding": 10,
      }
    }
  >
    <View
      style={
        Object {
          "flex": 1,
        }
      }
    >
      <TextInput
        allowFontScaling={true}
        keyboardType="decimal-pad"
        maxLength={16}
        onChangeText={[Function]}
        placeholder="Insert number"
        style={
          Object {
            "borderColor": "gray",
            "borderWidth": 1,
            "fontSize": 32,
            "height": 57,
            "padding": 15,
          }
        }
        underlineColorAndroid="transparent"
      />
    </View>
    <View
      style={
        Object {
          "flex": 7,
        }
      }
    />
  </View>
</RCTSafeAreaView>
`;
